apiVersion: v1
kind: Namespace
metadata:
  annotations: {}
  labels:
    name: syn-external-secrets-operator
    openshift.io/cluster-monitoring: 'true'
  name: syn-external-secrets-operator
