apiVersion: v1
kind: Secret
metadata:
  labels:
    app.kubernetes.io/instance: external-secrets
    app.kubernetes.io/managed-by: Helm
    app.kubernetes.io/name: external-secrets-webhook
    app.kubernetes.io/version: v0.18.2
    external-secrets.io/component: webhook
    helm.sh/chart: external-secrets-0.18.2
  name: external-secrets-webhook
  namespace: syn-external-secrets-operator
