apiVersion: rbac.authorization.k8s.io/v1
kind: ClusterRole
metadata:
  labels:
    app.kubernetes.io/instance: external-secrets
    app.kubernetes.io/managed-by: Helm
    app.kubernetes.io/name: external-secrets
    app.kubernetes.io/version: v0.18.0
    helm.sh/chart: external-secrets-0.18.0
  name: external-secrets-controller
rules:
  - apiGroups:
      - external-secrets.io
    resources:
      - secretstores
      - clustersecretstores
      - externalsecrets
      - clusterexternalsecrets
      - pushsecrets
      - clusterpushsecrets
    verbs:
      - get
      - list
      - watch
  - apiGroups:
      - external-secrets.io
    resources:
      - externalsecrets
      - externalsecrets/status
      - externalsecrets/finalizers
      - secretstores
      - secretstores/status
      - secretstores/finalizers
      - clustersecretstores
      - clustersecretstores/status
      - clustersecretstores/finalizers
      - clusterexternalsecrets
      - clusterexternalsecrets/status
      - clusterexternalsecrets/finalizers
      - pushsecrets
      - pushsecrets/status
      - pushsecrets/finalizers
      - clusterpushsecrets
      - clusterpushsecrets/status
      - clusterpushsecrets/finalizers
    verbs:
      - get
      - update
      - patch
  - apiGroups:
      - generators.external-secrets.io
    resources:
      - generatorstates
    verbs:
      - get
      - list
      - watch
      - create
      - update
      - patch
      - delete
      - deletecollection
  - apiGroups:
      - generators.external-secrets.io
    resources:
      - acraccesstokens
      - clustergenerators
      - ecrauthorizationtokens
      - fakes
      - gcraccesstokens
      - githubaccesstokens
      - quayaccesstokens
      - passwords
      - stssessiontokens
      - uuids
      - vaultdynamicsecrets
      - webhooks
      - grafanas
      - mfas
    verbs:
      - get
      - list
      - watch
  - apiGroups:
      - ''
    resources:
      - serviceaccounts
      - namespaces
    verbs:
      - get
      - list
      - watch
  - apiGroups:
      - ''
    resources:
      - configmaps
    verbs:
      - get
      - list
      - watch
  - apiGroups:
      - ''
    resources:
      - secrets
    verbs:
      - get
      - list
      - watch
      - create
      - update
      - delete
      - patch
  - apiGroups:
      - ''
    resources:
      - serviceaccounts/token
    verbs:
      - create
  - apiGroups:
      - ''
    resources:
      - events
    verbs:
      - create
      - patch
  - apiGroups:
      - external-secrets.io
    resources:
      - externalsecrets
    verbs:
      - create
      - update
      - delete
  - apiGroups:
      - external-secrets.io
    resources:
      - pushsecrets
    verbs:
      - create
      - update
      - delete
---
apiVersion: rbac.authorization.k8s.io/v1
kind: ClusterRole
metadata:
  labels:
    app.kubernetes.io/instance: external-secrets
    app.kubernetes.io/managed-by: Helm
    app.kubernetes.io/name: external-secrets
    app.kubernetes.io/version: v0.18.0
    helm.sh/chart: external-secrets-0.18.0
    rbac.authorization.k8s.io/aggregate-to-admin: 'true'
    rbac.authorization.k8s.io/aggregate-to-edit: 'true'
    rbac.authorization.k8s.io/aggregate-to-view: 'true'
  name: external-secrets-view
rules:
  - apiGroups:
      - external-secrets.io
    resources:
      - externalsecrets
      - secretstores
      - clustersecretstores
      - pushsecrets
      - clusterpushsecrets
    verbs:
      - get
      - watch
      - list
  - apiGroups:
      - generators.external-secrets.io
    resources:
      - acraccesstokens
      - clustergenerators
      - ecrauthorizationtokens
      - fakes
      - gcraccesstokens
      - githubaccesstokens
      - quayaccesstokens
      - passwords
      - vaultdynamicsecrets
      - webhooks
      - grafanas
      - generatorstates
      - mfas
    verbs:
      - get
      - watch
      - list
---
apiVersion: rbac.authorization.k8s.io/v1
kind: ClusterRole
metadata:
  labels:
    app.kubernetes.io/instance: external-secrets
    app.kubernetes.io/managed-by: Helm
    app.kubernetes.io/name: external-secrets
    app.kubernetes.io/version: v0.18.0
    helm.sh/chart: external-secrets-0.18.0
    rbac.authorization.k8s.io/aggregate-to-admin: 'true'
    rbac.authorization.k8s.io/aggregate-to-edit: 'true'
  name: external-secrets-edit
rules:
  - apiGroups:
      - external-secrets.io
    resources:
      - externalsecrets
      - secretstores
      - clustersecretstores
      - pushsecrets
      - clusterpushsecrets
    verbs:
      - create
      - delete
      - deletecollection
      - patch
      - update
  - apiGroups:
      - generators.external-secrets.io
    resources:
      - acraccesstokens
      - clustergenerators
      - ecrauthorizationtokens
      - fakes
      - gcraccesstokens
      - githubaccesstokens
      - quayaccesstokens
      - passwords
      - vaultdynamicsecrets
      - webhooks
      - grafanas
      - generatorstates
      - mfas
    verbs:
      - create
      - delete
      - deletecollection
      - patch
      - update
---
apiVersion: rbac.authorization.k8s.io/v1
kind: ClusterRole
metadata:
  labels:
    app.kubernetes.io/instance: external-secrets
    app.kubernetes.io/managed-by: Helm
    app.kubernetes.io/name: external-secrets
    app.kubernetes.io/version: v0.18.0
    helm.sh/chart: external-secrets-0.18.0
    servicebinding.io/controller: 'true'
  name: external-secrets-servicebindings
rules:
  - apiGroups:
      - external-secrets.io
    resources:
      - externalsecrets
      - pushsecrets
    verbs:
      - get
      - list
      - watch
---
apiVersion: rbac.authorization.k8s.io/v1
kind: ClusterRoleBinding
metadata:
  labels:
    app.kubernetes.io/instance: external-secrets
    app.kubernetes.io/managed-by: Helm
    app.kubernetes.io/name: external-secrets
    app.kubernetes.io/version: v0.18.0
    helm.sh/chart: external-secrets-0.18.0
  name: external-secrets-controller
roleRef:
  apiGroup: rbac.authorization.k8s.io
  kind: ClusterRole
  name: external-secrets-controller
subjects:
  - kind: ServiceAccount
    name: external-secrets
    namespace: syn-external-secrets-operator
---
apiVersion: rbac.authorization.k8s.io/v1
kind: Role
metadata:
  labels:
    app.kubernetes.io/instance: external-secrets
    app.kubernetes.io/managed-by: Helm
    app.kubernetes.io/name: external-secrets
    app.kubernetes.io/version: v0.18.0
    helm.sh/chart: external-secrets-0.18.0
  name: external-secrets-leaderelection
  namespace: syn-external-secrets-operator
rules:
  - apiGroups:
      - ''
    resourceNames:
      - external-secrets-controller
    resources:
      - configmaps
    verbs:
      - get
      - update
      - patch
  - apiGroups:
      - ''
    resources:
      - configmaps
    verbs:
      - create
  - apiGroups:
      - coordination.k8s.io
    resources:
      - leases
    verbs:
      - get
      - create
      - update
      - patch
---
apiVersion: rbac.authorization.k8s.io/v1
kind: RoleBinding
metadata:
  labels:
    app.kubernetes.io/instance: external-secrets
    app.kubernetes.io/managed-by: Helm
    app.kubernetes.io/name: external-secrets
    app.kubernetes.io/version: v0.18.0
    helm.sh/chart: external-secrets-0.18.0
  name: external-secrets-leaderelection
  namespace: syn-external-secrets-operator
roleRef:
  apiGroup: rbac.authorization.k8s.io
  kind: Role
  name: external-secrets-leaderelection
subjects:
  - kind: ServiceAccount
    name: external-secrets
    namespace: syn-external-secrets-operator
