apiVersion: admissionregistration.k8s.io/v1
kind: ValidatingWebhookConfiguration
metadata:
  labels:
    app.kubernetes.io/instance: external-secrets
    app.kubernetes.io/managed-by: Helm
    app.kubernetes.io/name: external-secrets-webhook
    app.kubernetes.io/version: v0.18.0
    external-secrets.io/component: webhook
    helm.sh/chart: external-secrets-0.18.0
  name: secretstore-validate
webhooks:
  - admissionReviewVersions:
      - v1
      - v1beta1
    clientConfig:
      service:
        name: external-secrets-webhook
        namespace: syn-external-secrets-operator
        path: /validate-external-secrets-io-v1-secretstore
    name: validate.secretstore.external-secrets.io
    rules:
      - apiGroups:
          - external-secrets.io
        apiVersions:
          - v1
        operations:
          - CREATE
          - UPDATE
          - DELETE
        resources:
          - secretstores
        scope: Namespaced
    sideEffects: None
    timeoutSeconds: 5
  - admissionReviewVersions:
      - v1
      - v1beta1
    clientConfig:
      service:
        name: external-secrets-webhook
        namespace: syn-external-secrets-operator
        path: /validate-external-secrets-io-v1-clustersecretstore
    name: validate.clustersecretstore.external-secrets.io
    rules:
      - apiGroups:
          - external-secrets.io
        apiVersions:
          - v1
        operations:
          - CREATE
          - UPDATE
          - DELETE
        resources:
          - clustersecretstores
        scope: Cluster
    sideEffects: None
    timeoutSeconds: 5
---
apiVersion: admissionregistration.k8s.io/v1
kind: ValidatingWebhookConfiguration
metadata:
  labels:
    app.kubernetes.io/instance: external-secrets
    app.kubernetes.io/managed-by: Helm
    app.kubernetes.io/name: external-secrets-webhook
    app.kubernetes.io/version: v0.18.0
    external-secrets.io/component: webhook
    helm.sh/chart: external-secrets-0.18.0
  name: externalsecret-validate
webhooks:
  - admissionReviewVersions:
      - v1
      - v1beta1
    clientConfig:
      service:
        name: external-secrets-webhook
        namespace: syn-external-secrets-operator
        path: /validate-external-secrets-io-v1-externalsecret
    failurePolicy: Fail
    name: validate.externalsecret.external-secrets.io
    rules:
      - apiGroups:
          - external-secrets.io
        apiVersions:
          - v1
        operations:
          - CREATE
          - UPDATE
          - DELETE
        resources:
          - externalsecrets
        scope: Namespaced
    sideEffects: None
    timeoutSeconds: 5
