apiVersion: v1
kind: Service
metadata:
  labels:
    app.kubernetes.io/instance: external-secrets
    app.kubernetes.io/managed-by: Helm
    app.kubernetes.io/name: external-secrets-webhook
    app.kubernetes.io/version: v0.17.0
    external-secrets.io/component: webhook
    helm.sh/chart: external-secrets-0.17.0
  name: external-secrets-webhook
  namespace: syn-external-secrets-operator
spec:
  ports:
    - name: webhook
      port: 443
      protocol: TCP
      targetPort: 10250
  selector:
    app.kubernetes.io/instance: external-secrets
    app.kubernetes.io/name: external-secrets-webhook
  type: ClusterIP
