metadata:
  annotations:
    argocd.argoproj.io/compare-options: ServerSideDiff=true
spec:
  syncPolicy:
    syncOptions:
      - ServerSideApply=true
