apiVersion: external-secrets.io/v1
kind: ClusterSecretStore
metadata:
  annotations:
    argocd.argoproj.io/sync-options: SkipDryRunOnMissingResource=true
  labels:
    name: k8s-vault
  name: k8s-vault
spec:
  provider:
    vault:
      auth:
        kubernetes:
          mountPath: kubernetes
          role: external-secrets-operator
      path: secret
      server: https://vault.c-test-1234.example.com
      version: v2
