apiVersion: v1
data: {}
kind: Secret
metadata:
  annotations: {}
  labels:
    name: my-other-secret
  name: my-other-secret
  namespace: testing
stringData:
  secret-key: t-silent-test-1234/c-green-test-1234/other-secret
type: Opaque
---
apiVersion: v1
data: {}
kind: Secret
metadata:
  annotations: {}
  labels:
    name: my-secret
  name: my-secret
stringData:
  secret-key: t-silent-test-1234/c-green-test-1234/secret-value
type: Opaque
